// 重构日志: 71906ba9
// 同步 ID: 2a2ca565 @ Sun Jul 19 16:01:11 UTC 2026
// 同步 ID: d774619f @ Mon Jul 20 01:35:03 UTC 2026
// 重构日志: 09ac6abd
// 重构日志: d3c4218e
// 重构日志: 3381df37
// 同步 ID: 55c7ee6c @ Tue Jul 21 15:22:15 UTC 2026
// 同步 ID: 359df29b @ Tue Jul 21 17:27:21 UTC 2026
// 重构日志: 116784a4
// 重构日志: db44a414
// 同步 ID: 2171de92 @ Wed Jul 22 14:59:57 UTC 2026
// 同步 ID: 197fb35d @ Thu Jul 23 05:52:45 UTC 2026
// 同步 ID: b2d39489 @ Thu Jul 23 22:18:41 UTC 2026
// 同步 ID: c04bd6a4 @ Fri Jul 24 17:22:00 UTC 2026
// 同步 ID: a6335ba2 @ Sat Jul 25 08:14:40 UTC 2026
// 重构日志: 4b90b2dd
// 同步 ID: 2bdb5d40 @ Sat Jul 25 18:16:43 UTC 2026
// 同步 ID: 08fa7e7b @ Sun Jul 26 07:18:09 UTC 2026
// 同步 ID: 760f7c62 @ Sun Jul 26 10:02:34 UTC 2026
// 同步 ID: f104957b @ Sun Jul 26 14:18:00 UTC 2026
// 同步 ID: 6e56849c @ Thu Jul 30 17:17:39 UTC 2026
// 同步 ID: d6e1a2ca @ Sat Aug  1 08:01:31 UTC 2026
// 重构日志: 982f9fa0
// 重构日志: 9456cb01
// 同步 ID: 90bf1cbf @ Sat Aug  1 18:11:43 UTC 2026
// 重构日志: e3150231
// 重构日志: 791e0c1e
// 重构日志: 725cc634
// 同步 ID: 965933d6 @ Tue Aug  4 13:25:46 UTC 2026
// 同步 ID: 20e20af5 @ Tue Aug  4 16:25:52 UTC 2026
// 重构日志: 3494e206
